../Core/Src/main.c:91:6:uart_print_menu	1
../Core/Src/main.c:98:5:uart_get_menu_choice	4
../Core/Src/main.c:109:6:uart_print_bad_choice	1
../Core/Src/main.c:115:6:HAL_GPIO_EXTI_Callback	2
../Core/Src/main.c:126:6:HAL_TIM_PeriodElapsedCallback	6
../Core/Src/main.c:159:6:button_mode	5
../Core/Src/main.c:192:6:clock_mode	2
../Core/Src/main.c:235:5:main	3
../Core/Src/main.c:304:6:SystemClock_Config	4
../Core/Src/main.c:354:13:MX_TIM2_Init	4
../Core/Src/main.c:399:13:MX_USART2_UART_Init	2
../Core/Src/main.c:434:13:MX_GPIO_Init	1
../Core/Src/main.c:510:6:Error_Handler	1
