../Core/Src/main.c:84:6:uart_print_menu	1
../Core/Src/main.c:91:5:uart_get_menu_choice	4
../Core/Src/main.c:102:6:uart_print_bad_choice	1
../Core/Src/main.c:108:6:HAL_GPIO_EXTI_Callback	2
../Core/Src/main.c:127:6:button_mode	5
../Core/Src/main.c:167:6:clock_mode	3
../Core/Src/main.c:225:5:main	3
../Core/Src/main.c:294:6:SystemClock_Config	4
../Core/Src/main.c:344:13:MX_TIM2_Init	4
../Core/Src/main.c:389:13:MX_USART2_UART_Init	2
../Core/Src/main.c:424:13:MX_GPIO_Init	1
../Core/Src/main.c:500:6:Error_Handler	1
