../Core/Src/main.c:101:5:is_blue_button_pressed	1
../Core/Src/main.c:106:6:evq_init	2
../Core/Src/main.c:120:6:evq_push_back	2
../Core/Src/main.c:132:12:evq_pop_front	2
../Core/Src/main.c:147:6:HAL_GPIO_EXTI_Callback	3
../Core/Src/main.c:166:6:my_systick_handler	5
../Core/Src/main.c:186:6:set_traffic_light	9
../Core/Src/main.c:274:5:main	17
../Core/Src/main.c:473:6:SystemClock_Config	4
../Core/Src/main.c:523:13:MX_USART2_UART_Init	2
../Core/Src/main.c:558:13:MX_GPIO_Init	1
../Core/Src/main.c:623:6:Error_Handler	1
