15:57:20 **** Incremental Build of configuration Debug for project Lab6_PWM ****
make -j16 all 
arm-none-eabi-gcc "../Core/Src/main.c" -mcpu=cortex-m4 -std=gnu11 -g3 -DDEBUG -DUSE_HAL_DRIVER -DSTM32L433xx -c -I../Core/Inc -I../Drivers/STM32L4xx_HAL_Driver/Inc -I../Drivers/STM32L4xx_HAL_Driver/Inc/Legacy -I../Drivers/CMSIS/Device/ST/STM32L4xx/Include -I../Drivers/CMSIS/Include -O0 -ffunction-sections -fdata-sections -Wall -fstack-usage -fcyclomatic-complexity -MMD -MP -MF"Core/Src/main.d" -MT"Core/Src/main.o" --specs=nano.specs -mfpu=fpv4-sp-d16 -mfloat-abi=hard -mthumb -o "Core/Src/main.o"
arm-none-eabi-gcc -o "Lab6_PWM.elf" @"objects.list"   -mcpu=cortex-m4 -T"C:\Code\Mikrodatorteknik\Labbar\Lab6_PWM\STM32L433RCTXP_FLASH.ld" --specs=nosys.specs -Wl,-Map="Lab6_PWM.map" -Wl,--gc-sections -static --specs=nano.specs -mfpu=fpv4-sp-d16 -mfloat-abi=hard -mthumb -Wl,--start-group -lc -lm -Wl,--end-group
Finished building target: Lab6_PWM.elf
 
arm-none-eabi-size  Lab6_PWM.elf 
arm-none-eabi-objdump -h -S Lab6_PWM.elf  > "Lab6_PWM.list"
   text	   data	    bss	    dec	    hex	filename
  23400	     16	   1880	  25296	   62d0	Lab6_PWM.elf
Finished building: default.size.stdout
 
Finished building: Lab6_PWM.list
 
15:57:23 **** Incremental Build of configuration Debug for project Lab6_PWM ****
make -j16 all 
arm-none-eabi-size  Lab6_PWM.elf 
   text	   data	    bss	    dec	    hex	filename
  23400	     16	   1880	  25296	   62d0	Lab6_PWM.elf
Finished building: default.size.stdout
 
15:57:34 **** Incremental Build of configuration Debug for project Lab6_PWM ****
make -j16 all 
arm-none-eabi-size  Lab6_PWM.elf 
   text	   data	    bss	    dec	    hex	filename
  23400	     16	   1880	  25296	   62d0	Lab6_PWM.elf
Finished building: default.size.stdout
 
15:58:45 **** Incremental Build of configuration Debug for project Lab6_PWM ****
make -j16 all 
arm-none-eabi-gcc "../Core/Src/main.c" -mcpu=cortex-m4 -std=gnu11 -g3 -DDEBUG -DUSE_HAL_DRIVER -DSTM32L433xx -c -I../Core/Inc -I../Drivers/STM32L4xx_HAL_Driver/Inc -I../Drivers/STM32L4xx_HAL_Driver/Inc/Legacy -I../Drivers/CMSIS/Device/ST/STM32L4xx/Include -I../Drivers/CMSIS/Include -O0 -ffunction-sections -fdata-sections -Wall -fstack-usage -fcyclomatic-complexity -MMD -MP -MF"Core/Src/main.d" -MT"Core/Src/main.o" --specs=nano.specs -mfpu=fpv4-sp-d16 -mfloat-abi=hard -mthumb -o "Core/Src/main.o"
arm-none-eabi-gcc -o "Lab6_PWM.elf" @"objects.list"   -mcpu=cortex-m4 -T"C:\Code\Mikrodatorteknik\Labbar\Lab6_PWM\STM32L433RCTXP_FLASH.ld" --specs=nosys.specs -Wl,-Map="Lab6_PWM.map" -Wl,--gc-sections -static --specs=nano.specs -mfpu=fpv4-sp-d16 -mfloat-abi=hard -mthumb -Wl,--start-group -lc -lm -Wl,--end-group
Finished building target: Lab6_PWM.elf
 
arm-none-eabi-size  Lab6_PWM.elf 
arm-none-eabi-objdump -h -S Lab6_PWM.elf  > "Lab6_PWM.list"
   text	   data	    bss	    dec	    hex	filename
  23400	     16	   1880	  25296	   62d0	Lab6_PWM.elf
Finished building: default.size.stdout
 
Finished building: Lab6_PWM.list
 
15:59:48 **** Incremental Build of configuration Debug for project Lab6_PWM ****
make -j16 all 
arm-none-eabi-gcc "../Core/Src/main.c" -mcpu=cortex-m4 -std=gnu11 -g3 -DDEBUG -DUSE_HAL_DRIVER -DSTM32L433xx -c -I../Core/Inc -I../Drivers/STM32L4xx_HAL_Driver/Inc -I../Drivers/STM32L4xx_HAL_Driver/Inc/Legacy -I../Drivers/CMSIS/Device/ST/STM32L4xx/Include -I../Drivers/CMSIS/Include -O0 -ffunction-sections -fdata-sections -Wall -fstack-usage -fcyclomatic-complexity -MMD -MP -MF"Core/Src/main.d" -MT"Core/Src/main.o" --specs=nano.specs -mfpu=fpv4-sp-d16 -mfloat-abi=hard -mthumb -o "Core/Src/main.o"
arm-none-eabi-gcc -o "Lab6_PWM.elf" @"objects.list"   -mcpu=cortex-m4 -T"C:\Code\Mikrodatorteknik\Labbar\Lab6_PWM\STM32L433RCTXP_FLASH.ld" --specs=nosys.specs -Wl,-Map="Lab6_PWM.map" -Wl,--gc-sections -static --specs=nano.specs -mfpu=fpv4-sp-d16 -mfloat-abi=hard -mthumb -Wl,--start-group -lc -lm -Wl,--end-group
Finished building target: Lab6_PWM.elf
 
arm-none-eabi-size  Lab6_PWM.elf 
arm-none-eabi-objdump -h -S Lab6_PWM.elf  > "Lab6_PWM.list"
   text	   data	    bss	    dec	    hex	filename
  23400	     20	   1876	  25296	   62d0	Lab6_PWM.elf
Finished building: default.size.stdout
 
Finished building: Lab6_PWM.list
 
16:00:17 **** Incremental Build of configuration Debug for project Lab6_PWM ****
make -j16 all 
arm-none-eabi-gcc "../Core/Src/main.c" -mcpu=cortex-m4 -std=gnu11 -g3 -DDEBUG -DUSE_HAL_DRIVER -DSTM32L433xx -c -I../Core/Inc -I../Drivers/STM32L4xx_HAL_Driver/Inc -I../Drivers/STM32L4xx_HAL_Driver/Inc/Legacy -I../Drivers/CMSIS/Device/ST/STM32L4xx/Include -I../Drivers/CMSIS/Include -O0 -ffunction-sections -fdata-sections -Wall -fstack-usage -fcyclomatic-complexity -MMD -MP -MF"Core/Src/main.d" -MT"Core/Src/main.o" --specs=nano.specs -mfpu=fpv4-sp-d16 -mfloat-abi=hard -mthumb -o "Core/Src/main.o"
arm-none-eabi-gcc -o "Lab6_PWM.elf" @"objects.list"   -mcpu=cortex-m4 -T"C:\Code\Mikrodatorteknik\Labbar\Lab6_PWM\STM32L433RCTXP_FLASH.ld" --specs=nosys.specs -Wl,-Map="Lab6_PWM.map" -Wl,--gc-sections -static --specs=nano.specs -mfpu=fpv4-sp-d16 -mfloat-abi=hard -mthumb -Wl,--start-group -lc -lm -Wl,--end-group
Finished building target: Lab6_PWM.elf
 
arm-none-eabi-size  Lab6_PWM.elf 
arm-none-eabi-objdump -h -S Lab6_PWM.elf  > "Lab6_PWM.list"
   text	   data	    bss	    dec	    hex	filename
  23400	     20	   1876	  25296	   62d0	Lab6_PWM.elf
Finished building: default.size.stdout
 
Finished building: Lab6_PWM.list
 
16:02:05 **** Incremental Build of configuration Debug for project Lab6_PWM ****
make -j16 all 
arm-none-eabi-gcc "../Core/Src/main.c" -mcpu=cortex-m4 -std=gnu11 -g3 -DDEBUG -DUSE_HAL_DRIVER -DSTM32L433xx -c -I../Core/Inc -I../Drivers/STM32L4xx_HAL_Driver/Inc -I../Drivers/STM32L4xx_HAL_Driver/Inc/Legacy -I../Drivers/CMSIS/Device/ST/STM32L4xx/Include -I../Drivers/CMSIS/Include -O0 -ffunction-sections -fdata-sections -Wall -fstack-usage -fcyclomatic-complexity -MMD -MP -MF"Core/Src/main.d" -MT"Core/Src/main.o" --specs=nano.specs -mfpu=fpv4-sp-d16 -mfloat-abi=hard -mthumb -o "Core/Src/main.o"
arm-none-eabi-gcc -o "Lab6_PWM.elf" @"objects.list"   -mcpu=cortex-m4 -T"C:\Code\Mikrodatorteknik\Labbar\Lab6_PWM\STM32L433RCTXP_FLASH.ld" --specs=nosys.specs -Wl,-Map="Lab6_PWM.map" -Wl,--gc-sections -static --specs=nano.specs -mfpu=fpv4-sp-d16 -mfloat-abi=hard -mthumb -Wl,--start-group -lc -lm -Wl,--end-group
Finished building target: Lab6_PWM.elf
 
arm-none-eabi-size  Lab6_PWM.elf 
arm-none-eabi-objdump -h -S Lab6_PWM.elf  > "Lab6_PWM.list"
   text	   data	    bss	    dec	    hex	filename
  23400	     24	   1872	  25296	   62d0	Lab6_PWM.elf
Finished building: default.size.stdout
 
Finished building: Lab6_PWM.list
 
