16:05:08 **** Incremental Build of configuration Debug for project Lab2_Trafikljus ****
make -j16 all 
arm-none-eabi-gcc "../Core/Src/main.c" -mcpu=cortex-m4 -std=gnu11 -g3 -DDEBUG -DUSE_HAL_DRIVER -DSTM32L433xx -c -I../Core/Inc -I../Drivers/STM32L4xx_HAL_Driver/Inc -I../Drivers/STM32L4xx_HAL_Driver/Inc/Legacy -I../Drivers/CMSIS/Device/ST/STM32L4xx/Include -I../Drivers/CMSIS/Include -O0 -ffunction-sections -fdata-sections -Wall -fstack-usage -fcyclomatic-complexity -MMD -MP -MF"Core/Src/main.d" -MT"Core/Src/main.o" --specs=nano.specs -mfpu=fpv4-sp-d16 -mfloat-abi=hard -mthumb -o "Core/Src/main.o"
arm-none-eabi-gcc -o "Lab2_Trafikljus.elf" @"objects.list"   -mcpu=cortex-m4 -T"C:\Code\Mikrodatorteknik\Labbar\Lab2_Trafikljus\STM32L433RCTXP_FLASH.ld" --specs=nosys.specs -Wl,-Map="Lab2_Trafikljus.map" -Wl,--gc-sections -static --specs=nano.specs -mfpu=fpv4-sp-d16 -mfloat-abi=hard -mthumb -Wl,--start-group -lc -lm -Wl,--end-group
Finished building target: Lab2_Trafikljus.elf
 
arm-none-eabi-size  Lab2_Trafikljus.elf 
arm-none-eabi-objdump -h -S Lab2_Trafikljus.elf  > "Lab2_Trafikljus.list"
   text	   data	    bss	    dec	    hex	filename
  12616	     12	   1708	  14336	   3800	Lab2_Trafikljus.elf
Finished building: default.size.stdout
 
Finished building: Lab2_Trafikljus.list
 
16:05:11 **** Incremental Build of configuration Debug for project Lab2_Trafikljus ****
make -j16 all 
arm-none-eabi-size  Lab2_Trafikljus.elf 
   text	   data	    bss	    dec	    hex	filename
  12616	     12	   1708	  14336	   3800	Lab2_Trafikljus.elf
Finished building: default.size.stdout
 
16:05:22 **** Incremental Build of configuration Debug for project Lab2_Trafikljus ****
make -j16 all 
arm-none-eabi-size  Lab2_Trafikljus.elf 
   text	   data	    bss	    dec	    hex	filename
  12616	     12	   1708	  14336	   3800	Lab2_Trafikljus.elf
Finished building: default.size.stdout
 
16:09:43 **** Incremental Build of configuration Debug for project Lab2_Trafikljus ****
make -j16 all 
arm-none-eabi-size  Lab2_Trafikljus.elf 
   text	   data	    bss	    dec	    hex	filename
  12616	     12	   1708	  14336	   3800	Lab2_Trafikljus.elf
Finished building: default.size.stdout
 
