16:41:05 **** Build of configuration Debug for project lab1_tarning ****
make -j16 all 
arm-none-eabi-gcc "../Core/Src/main.c" -mcpu=cortex-m4 -std=gnu11 -g3 -DDEBUG -DUSE_HAL_DRIVER -DSTM32L433xx -c -I../Core/Inc -I../Drivers/STM32L4xx_HAL_Driver/Inc -I../Drivers/STM32L4xx_HAL_Driver/Inc/Legacy -I../Drivers/CMSIS/Device/ST/STM32L4xx/Include -I../Drivers/CMSIS/Include -O0 -ffunction-sections -fdata-sections -Wall -fstack-usage -fcyclomatic-complexity -MMD -MP -MF"Core/Src/main.d" -MT"Core/Src/main.o" --specs=nano.specs -mfpu=fpv4-sp-d16 -mfloat-abi=hard -mthumb -o "Core/Src/main.o"
arm-none-eabi-gcc -o "lab1_tarning.elf" @"objects.list"   -mcpu=cortex-m4 -T"C:\Code\Mikrodatorteknik\Labbar\lab1_tarning\STM32L433RCTXP_FLASH.ld" --specs=nosys.specs -Wl,-Map="lab1_tarning.map" -Wl,--gc-sections -static --specs=nano.specs -mfpu=fpv4-sp-d16 -mfloat-abi=hard -mthumb -Wl,--start-group -lc -lm -Wl,--end-group
Finished building target: lab1_tarning.elf
 
arm-none-eabi-size  lab1_tarning.elf 
arm-none-eabi-objdump -h -S lab1_tarning.elf  > "lab1_tarning.list"
   text	   data	    bss	    dec	    hex	filename
  12380	     12	   1708	  14100	   3714	lab1_tarning.elf
Finished building: default.size.stdout
 
Finished building: lab1_tarning.list
 

16:41:09 Build Finished. 0 errors, 0 warnings. (took 3s.583ms)

