15:20:27 **** Incremental Build of configuration Debug for project Lab4_LCD ****
make -j16 all 
arm-none-eabi-gcc "../Core/Src/lcd.c" -mcpu=cortex-m4 -std=gnu11 -g3 -DDEBUG -DUSE_HAL_DRIVER -DSTM32L433xx -c -I../Core/Inc -I../Drivers/STM32L4xx_HAL_Driver/Inc -I../Drivers/STM32L4xx_HAL_Driver/Inc/Legacy -I../Drivers/CMSIS/Device/ST/STM32L4xx/Include -I../Drivers/CMSIS/Include -O0 -ffunction-sections -fdata-sections -Wall -fstack-usage -fcyclomatic-complexity -MMD -MP -MF"Core/Src/lcd.d" -MT"Core/Src/lcd.o" --specs=nano.specs -mfpu=fpv4-sp-d16 -mfloat-abi=hard -mthumb -o "Core/Src/lcd.o"
arm-none-eabi-gcc "../Core/Src/main.c" -mcpu=cortex-m4 -std=gnu11 -g3 -DDEBUG -DUSE_HAL_DRIVER -DSTM32L433xx -c -I../Core/Inc -I../Drivers/STM32L4xx_HAL_Driver/Inc -I../Drivers/STM32L4xx_HAL_Driver/Inc/Legacy -I../Drivers/CMSIS/Device/ST/STM32L4xx/Include -I../Drivers/CMSIS/Include -O0 -ffunction-sections -fdata-sections -Wall -fstack-usage -fcyclomatic-complexity -MMD -MP -MF"Core/Src/main.d" -MT"Core/Src/main.o" --specs=nano.specs -mfpu=fpv4-sp-d16 -mfloat-abi=hard -mthumb -o "Core/Src/main.o"
In file included from ../Core/Src/lcd.c:2:
../Core/Inc/lcd.h:15:9: error: unknown type name 'I2C_HandleTypeDef'
   15 |         I2C_HandleTypeDef       *       hi2c;
      |         ^~~~~~~~~~~~~~~~~
../Core/Inc/lcd.h:27:37: error: unknown type name 'I2C_HandleTypeDef'; did you mean 'TIM_HandleTypeDef'?
   27 | void TextLCD_Init(TextLCDType *lcd, I2C_HandleTypeDef *hi2c, uint8_t DevAddress);
      |                                     ^~~~~~~~~~~~~~~~~
      |                                     TIM_HandleTypeDef
../Core/Src/lcd.c: In function 'TextLCD_SendNibbleWithPulseOnE':
../Core/Src/lcd.c:49:9: warning: implicit declaration of function 'HAL_I2C_Master_Transmit' [-Wimplicit-function-declaration]
   49 |         HAL_I2C_Master_Transmit(hlcd->hi2c, hlcd->device_address, &data, 1, 1000);
      |         ^~~~~~~~~~~~~~~~~~~~~~~
In file included from ../Core/Src/main.c:25:
../Core/Inc/lcd.h:15:9: error: unknown type name 'I2C_HandleTypeDef'
   15 |         I2C_HandleTypeDef       *       hi2c;
      |         ^~~~~~~~~~~~~~~~~
../Core/Src/lcd.c: At top level:
../Core/Src/lcd.c:87:17: error: unknown type name 'I2C_HandleTypeDef'; did you mean 'TIM_HandleTypeDef'?
   87 |                 I2C_HandleTypeDef   *   hi2c,
      |                 ^~~~~~~~~~~~~~~~~
      |                 TIM_HandleTypeDef
make: *** [Core/Src/subdir.mk:37: Core/Src/lcd.o] Error 1
make: *** Waiting for unfinished jobs....
../Core/Inc/lcd.h:27:37: error: unknown type name 'I2C_HandleTypeDef'; did you mean 'TIM_HandleTypeDef'?
   27 | void TextLCD_Init(TextLCDType *lcd, I2C_HandleTypeDef *hi2c, uint8_t DevAddress);
      |                                     ^~~~~~~~~~~~~~~~~
      |                                     TIM_HandleTypeDef
../Core/Src/main.c:107:1: error: expected identifier or '(' before '}' token
  107 | }
      | ^
make: *** [Core/Src/subdir.mk:37: Core/Src/main.o] Error 1
"make -j16 all" terminated with exit code 2. Build might be incomplete.

15:20:28 Build Failed. 9 errors, 1 warnings. (took 487ms)

