../Core/Src/main.c:88:10:read_one_adc_value	1
../Core/Src/main.c:98:7:normalize_12bit	1
../Core/Src/main.c:103:7:normalize_12bit_posneg	3
../Core/Src/main.c:111:6:HAL_ADC_ConvCpltCallback	2
../Core/Src/main.c:126:5:main	2
../Core/Src/main.c:200:6:SystemClock_Config	4
../Core/Src/main.c:250:13:MX_ADC1_Init	5
../Core/Src/main.c:326:13:MX_I2C1_Init	4
../Core/Src/main.c:374:13:MX_TIM2_Init	4
../Core/Src/main.c:419:13:MX_USART2_UART_Init	2
../Core/Src/main.c:454:13:MX_GPIO_Init	1
../Core/Src/main.c:512:6:Error_Handler	1
