../Core/Src/main.c:88:10:read_one_adc_value	1
../Core/Src/main.c:98:7:normalize_12bit	1
../Core/Src/main.c:104:7:normalize_12bit_posneg	3
../Core/Src/main.c:113:6:HAL_ADC_ConvCpltCallback	2
../Core/Src/main.c:130:5:main	2
../Core/Src/main.c:204:6:SystemClock_Config	4
../Core/Src/main.c:254:13:MX_ADC1_Init	5
../Core/Src/main.c:330:13:MX_I2C1_Init	4
../Core/Src/main.c:378:13:MX_TIM2_Init	4
../Core/Src/main.c:423:13:MX_USART2_UART_Init	2
../Core/Src/main.c:458:13:MX_GPIO_Init	1
../Core/Src/main.c:516:6:Error_Handler	1
