../Core/Src/main.c:87:6:cd_set	1
../Core/Src/main.c:94:6:wait_for_button_press	2
../Core/Src/main.c:105:6:cd_tick	4
../Core/Src/main.c:128:6:uart_print_cd	1
../Core/Src/main.c:135:6:HAL_TIM_PeriodElapsedCallback	2
../Core/Src/main.c:148:5:main	1
../Core/Src/main.c:221:6:SystemClock_Config	4
../Core/Src/main.c:271:13:MX_I2C1_Init	4
../Core/Src/main.c:319:13:MX_TIM2_Init	4
../Core/Src/main.c:364:13:MX_USART2_UART_Init	2
../Core/Src/main.c:399:13:MX_GPIO_Init	1
../Core/Src/main.c:457:6:Error_Handler	1
