../Core/Src/main.c:89:6:cd_set	1
../Core/Src/main.c:96:6:wait_for_button_press	2
../Core/Src/main.c:106:6:cd_tick	4
../Core/Src/main.c:129:6:uart_print_cd	1
../Core/Src/main.c:136:6:HAL_TIM_PeriodElapsedCallback	2
../Core/Src/main.c:150:5:main	1
../Core/Src/main.c:238:6:SystemClock_Config	4
../Core/Src/main.c:288:13:MX_I2C1_Init	4
../Core/Src/main.c:336:13:MX_TIM2_Init	4
../Core/Src/main.c:381:13:MX_TIM6_Init	3
../Core/Src/main.c:419:13:MX_USART2_UART_Init	2
../Core/Src/main.c:454:13:MX_GPIO_Init	1
../Core/Src/main.c:512:6:Error_Handler	1
